MPLINK 5.09, LINKER
Linker Map File - Created Sun Dec 27 18:28:16 2020

                                 Section Info
                  Section       Type    Address   Location Size(Bytes)
                ---------  ---------  ---------  ---------  ---------
                   .org_0       code   0x000000    program   0x00003e
                   .cinit    romdata   0x00001f    program   0x000004
.config_2007_BUILD/DEFAULT/PRODUCTION/MAIN.O       code   0x002007    program   0x000002



                              Program Memory Usage 
                               Start         End      
                           ---------   ---------      
                            0x000000    0x000020      
                            0x002007    0x002007      
            34 out of 1094 program addresses used, program memory utilization is 3%



                              Symbols - Sorted by Name
                     Name    Address   Location    Storage File                     
                ---------  ---------  ---------  --------- ---------                
                    DELAY   0x00001a    program     static C:\Users\Larios\Desktop\Escuela\SP\U4\Programas\Christmas.X\Main.asm
                  DELAY_1   0x00000e    program     static C:\Users\Larios\Desktop\Escuela\SP\U4\Programas\Christmas.X\Main.asm
                  DELAY_2   0x000014    program     static C:\Users\Larios\Desktop\Escuela\SP\U4\Programas\Christmas.X\Main.asm
          FIRST_ANIMATION   0x00000b    program     static C:\Users\Larios\Desktop\Escuela\SP\U4\Programas\Christmas.X\Main.asm
             SET_SETTINGS   0x000000    program     static C:\Users\Larios\Desktop\Escuela\SP\U4\Programas\Christmas.X\Main.asm
                    START   0x000008    program     static C:\Users\Larios\Desktop\Escuela\SP\U4\Programas\Christmas.X\Main.asm
             _.org_0_001B   0x00001b    program     static C:\Users\Larios\Desktop\Escuela\SP\U4\Programas\Christmas.X\Main.asm



                              Symbols - Sorted by Address
                     Name    Address   Location    Storage File                     
                ---------  ---------  ---------  --------- ---------                
             SET_SETTINGS   0x000000    program     static C:\Users\Larios\Desktop\Escuela\SP\U4\Programas\Christmas.X\Main.asm
                    START   0x000008    program     static C:\Users\Larios\Desktop\Escuela\SP\U4\Programas\Christmas.X\Main.asm
          FIRST_ANIMATION   0x00000b    program     static C:\Users\Larios\Desktop\Escuela\SP\U4\Programas\Christmas.X\Main.asm
                  DELAY_1   0x00000e    program     static C:\Users\Larios\Desktop\Escuela\SP\U4\Programas\Christmas.X\Main.asm
                  DELAY_2   0x000014    program     static C:\Users\Larios\Desktop\Escuela\SP\U4\Programas\Christmas.X\Main.asm
                    DELAY   0x00001a    program     static C:\Users\Larios\Desktop\Escuela\SP\U4\Programas\Christmas.X\Main.asm
             _.org_0_001B   0x00001b    program     static C:\Users\Larios\Desktop\Escuela\SP\U4\Programas\Christmas.X\Main.asm


